Iniciando gerador uRLLC (Scapy/TCP) para 10.0.99.1:5000
Latência uRLLC (RTT local): 61.093 ms
Falha ao medir latência, reconectando
Falha ao medir latência, reconectando
Latência uRLLC (RTT local): 1142.036 ms
Latência uRLLC (RTT local): 61.206 ms
Latência uRLLC (RTT local): 322.608 ms
Latência uRLLC (RTT local): 61.148 ms
Falha ao medir latência, reconectando
Erro de conexão: timed out, reconectando
Erro de conexão: timed out, reconectando
Falha ao medir latência, reconectando
Erro de conexão: timed out, reconectando
Latência uRLLC (RTT local): 62.303 ms
Latência uRLLC (RTT local): 61.267 ms
Falha ao medir latência, reconectando
Erro de conexão: timed out, reconectando
Falha ao medir latência, reconectando
Latência uRLLC (RTT local): 1169.388 ms
Falha ao medir latência, reconectando
Latência uRLLC (RTT local): 323.243 ms
Latência uRLLC (RTT local): 325.968 ms
Falha ao medir latência, reconectando
Erro de conexão: timed out, reconectando
Falha ao medir latência, reconectando
Latência uRLLC (RTT local): 2.685 ms
Latência uRLLC (RTT local): 3.093 ms
Latência uRLLC (RTT local): 3.043 ms
Latência uRLLC (RTT local): 3.172 ms
Latência uRLLC (RTT local): 2.754 ms
Latência uRLLC (RTT local): 2.675 ms
Latência uRLLC (RTT local): 3.081 ms
Latência uRLLC (RTT local): 2.817 ms
Latência uRLLC (RTT local): 2.674 ms
Latência uRLLC (RTT local): 2.955 ms
Latência uRLLC (RTT local): 2.821 ms
Latência uRLLC (RTT local): 2.698 ms
Latência uRLLC (RTT local): 2.761 ms
Latência uRLLC (RTT local): 2.589 ms
Latência uRLLC (RTT local): 2.517 ms
Latência uRLLC (RTT local): 2.685 ms
Latência uRLLC (RTT local): 2.931 ms
Latência uRLLC (RTT local): 2.950 ms
Latência uRLLC (RTT local): 2.765 ms
Latência uRLLC (RTT local): 3.129 ms
Latência uRLLC (RTT local): 2.922 ms
Latência uRLLC (RTT local): 3.140 ms
Latência uRLLC (RTT local): 3.137 ms
Gerador uRLLC finalizado. 33 medições salvas; tentativas=47, falhas=14
